Archive member included to satisfy reference by file (symbol)

c:/program files (x86)/atmel/studio/7.0/toolchain/avr8/avr8-gnu-toolchain/bin/../lib/gcc/avr/5.4.0/avr5\libgcc.a(_exit.o)
                              C:/Program Files (x86)/Atmel/Studio/7.0/Packs/atmel/ATmega_DFP/1.2.209/gcc/dev/atmega32a/avr5/crtatmega32a.o (exit)
c:/program files (x86)/atmel/studio/7.0/toolchain/avr8/avr8-gnu-toolchain/bin/../lib/gcc/avr/5.4.0/avr5\libgcc.a(_clear_bss.o)
                              Schedular/Schedular.o (__do_clear_bss)

Allocating common symbols
Common symbol       size              file

Pointer_To_Func     0x2               Timer/Timer.o
Tasks_Arr           0x6c              Schedular/Schedular.o
OS_Tick_in_Timer    0x2               Timer/Timer.o

Discarded input sections

 .data          0x00000000        0x0 C:/Program Files (x86)/Atmel/Studio/7.0/Packs/atmel/ATmega_DFP/1.2.209/gcc/dev/atmega32a/avr5/crtatmega32a.o
 .bss           0x00000000        0x0 C:/Program Files (x86)/Atmel/Studio/7.0/Packs/atmel/ATmega_DFP/1.2.209/gcc/dev/atmega32a/avr5/crtatmega32a.o
 .text          0x00000000        0x0 Buttons/Buttons.o
 .data          0x00000000        0x0 Buttons/Buttons.o
 .bss           0x00000000        0x0 Buttons/Buttons.o
 .text          0x00000000        0x0 DIO/DIO.o
 .data          0x00000000        0x0 DIO/DIO.o
 .bss           0x00000000        0x0 DIO/DIO.o
 .text.DIO_ReadPort
                0x00000000       0x6a DIO/DIO.o
 .text.DIO_WritePort
                0x00000000       0x6a DIO/DIO.o
 .text          0x00000000        0x0 LEDS/LEDS.o
 .data          0x00000000        0x0 LEDS/LEDS.o
 .bss           0x00000000        0x0 LEDS/LEDS.o
 .text          0x00000000        0x0 main.o
 .data          0x00000000        0x0 main.o
 .bss           0x00000000        0x0 main.o
 .text          0x00000000        0x0 Schedular/Schedular.o
 .data          0x00000000        0x0 Schedular/Schedular.o
 .bss           0x00000000        0x0 Schedular/Schedular.o
 .text          0x00000000        0x0 Task/Task.o
 .data          0x00000000        0x0 Task/Task.o
 .bss           0x00000000        0x0 Task/Task.o
 .text          0x00000000        0x0 Timer/Timer.o
 .data          0x00000000        0x0 Timer/Timer.o
 .bss           0x00000000        0x0 Timer/Timer.o
 .text          0x00000000        0x0 c:/program files (x86)/atmel/studio/7.0/toolchain/avr8/avr8-gnu-toolchain/bin/../lib/gcc/avr/5.4.0/avr5\libgcc.a(_exit.o)
 .data          0x00000000        0x0 c:/program files (x86)/atmel/studio/7.0/toolchain/avr8/avr8-gnu-toolchain/bin/../lib/gcc/avr/5.4.0/avr5\libgcc.a(_exit.o)
 .bss           0x00000000        0x0 c:/program files (x86)/atmel/studio/7.0/toolchain/avr8/avr8-gnu-toolchain/bin/../lib/gcc/avr/5.4.0/avr5\libgcc.a(_exit.o)
 .text.libgcc.mul
                0x00000000        0x0 c:/program files (x86)/atmel/studio/7.0/toolchain/avr8/avr8-gnu-toolchain/bin/../lib/gcc/avr/5.4.0/avr5\libgcc.a(_exit.o)
 .text.libgcc.div
                0x00000000        0x0 c:/program files (x86)/atmel/studio/7.0/toolchain/avr8/avr8-gnu-toolchain/bin/../lib/gcc/avr/5.4.0/avr5\libgcc.a(_exit.o)
 .text.libgcc   0x00000000        0x0 c:/program files (x86)/atmel/studio/7.0/toolchain/avr8/avr8-gnu-toolchain/bin/../lib/gcc/avr/5.4.0/avr5\libgcc.a(_exit.o)
 .text.libgcc.prologue
                0x00000000        0x0 c:/program files (x86)/atmel/studio/7.0/toolchain/avr8/avr8-gnu-toolchain/bin/../lib/gcc/avr/5.4.0/avr5\libgcc.a(_exit.o)
 .text.libgcc.builtins
                0x00000000        0x0 c:/program files (x86)/atmel/studio/7.0/toolchain/avr8/avr8-gnu-toolchain/bin/../lib/gcc/avr/5.4.0/avr5\libgcc.a(_exit.o)
 .text.libgcc.fmul
                0x00000000        0x0 c:/program files (x86)/atmel/studio/7.0/toolchain/avr8/avr8-gnu-toolchain/bin/../lib/gcc/avr/5.4.0/avr5\libgcc.a(_exit.o)
 .text.libgcc.fixed
                0x00000000        0x0 c:/program files (x86)/atmel/studio/7.0/toolchain/avr8/avr8-gnu-toolchain/bin/../lib/gcc/avr/5.4.0/avr5\libgcc.a(_exit.o)
 .text          0x00000000        0x0 c:/program files (x86)/atmel/studio/7.0/toolchain/avr8/avr8-gnu-toolchain/bin/../lib/gcc/avr/5.4.0/avr5\libgcc.a(_clear_bss.o)
 .data          0x00000000        0x0 c:/program files (x86)/atmel/studio/7.0/toolchain/avr8/avr8-gnu-toolchain/bin/../lib/gcc/avr/5.4.0/avr5\libgcc.a(_clear_bss.o)
 .bss           0x00000000        0x0 c:/program files (x86)/atmel/studio/7.0/toolchain/avr8/avr8-gnu-toolchain/bin/../lib/gcc/avr/5.4.0/avr5\libgcc.a(_clear_bss.o)
 .text.libgcc.mul
                0x00000000        0x0 c:/program files (x86)/atmel/studio/7.0/toolchain/avr8/avr8-gnu-toolchain/bin/../lib/gcc/avr/5.4.0/avr5\libgcc.a(_clear_bss.o)
 .text.libgcc.div
                0x00000000        0x0 c:/program files (x86)/atmel/studio/7.0/toolchain/avr8/avr8-gnu-toolchain/bin/../lib/gcc/avr/5.4.0/avr5\libgcc.a(_clear_bss.o)
 .text.libgcc   0x00000000        0x0 c:/program files (x86)/atmel/studio/7.0/toolchain/avr8/avr8-gnu-toolchain/bin/../lib/gcc/avr/5.4.0/avr5\libgcc.a(_clear_bss.o)
 .text.libgcc.prologue
                0x00000000        0x0 c:/program files (x86)/atmel/studio/7.0/toolchain/avr8/avr8-gnu-toolchain/bin/../lib/gcc/avr/5.4.0/avr5\libgcc.a(_clear_bss.o)
 .text.libgcc.builtins
                0x00000000        0x0 c:/program files (x86)/atmel/studio/7.0/toolchain/avr8/avr8-gnu-toolchain/bin/../lib/gcc/avr/5.4.0/avr5\libgcc.a(_clear_bss.o)
 .text.libgcc.fmul
                0x00000000        0x0 c:/program files (x86)/atmel/studio/7.0/toolchain/avr8/avr8-gnu-toolchain/bin/../lib/gcc/avr/5.4.0/avr5\libgcc.a(_clear_bss.o)
 .text.libgcc.fixed
                0x00000000        0x0 c:/program files (x86)/atmel/studio/7.0/toolchain/avr8/avr8-gnu-toolchain/bin/../lib/gcc/avr/5.4.0/avr5\libgcc.a(_clear_bss.o)

Memory Configuration

Name             Origin             Length             Attributes
text             0x00000000         0x00020000         xr
data             0x00800060         0x0000ffa0         rw !x
eeprom           0x00810000         0x00010000         rw !x
fuse             0x00820000         0x00000002         rw !x
lock             0x00830000         0x00000400         rw !x
signature        0x00840000         0x00000400         rw !x
user_signatures  0x00850000         0x00000400         rw !x
*default*        0x00000000         0xffffffff

Linker script and memory map

LOAD C:/Program Files (x86)/Atmel/Studio/7.0/Packs/atmel/ATmega_DFP/1.2.209/gcc/dev/atmega32a/avr5/crtatmega32a.o
LOAD Buttons/Buttons.o
LOAD DIO/DIO.o
LOAD LEDS/LEDS.o
LOAD main.o
LOAD Schedular/Schedular.o
LOAD Task/Task.o
LOAD Timer/Timer.o
START GROUP
LOAD c:/program files (x86)/atmel/studio/7.0/toolchain/avr8/avr8-gnu-toolchain/bin/../lib/gcc/avr/5.4.0/../../../../avr/lib/avr5\libm.a
END GROUP
START GROUP
LOAD c:/program files (x86)/atmel/studio/7.0/toolchain/avr8/avr8-gnu-toolchain/bin/../lib/gcc/avr/5.4.0/avr5\libgcc.a
LOAD c:/program files (x86)/atmel/studio/7.0/toolchain/avr8/avr8-gnu-toolchain/bin/../lib/gcc/avr/5.4.0/../../../../avr/lib/avr5\libm.a
LOAD c:/program files (x86)/atmel/studio/7.0/toolchain/avr8/avr8-gnu-toolchain/bin/../lib/gcc/avr/5.4.0/../../../../avr/lib/avr5\libc.a
LOAD C:/Program Files (x86)/Atmel/Studio/7.0/Packs/atmel/ATmega_DFP/1.2.209/gcc/dev/atmega32a/avr5\libatmega32a.a
END GROUP
                0x00020000                __TEXT_REGION_LENGTH__ = DEFINED (__TEXT_REGION_LENGTH__)?__TEXT_REGION_LENGTH__:0x20000
                0x0000ffa0                __DATA_REGION_LENGTH__ = DEFINED (__DATA_REGION_LENGTH__)?__DATA_REGION_LENGTH__:0xffa0
                0x00010000                __EEPROM_REGION_LENGTH__ = DEFINED (__EEPROM_REGION_LENGTH__)?__EEPROM_REGION_LENGTH__:0x10000
                [0x00000002]                __FUSE_REGION_LENGTH__ = DEFINED (__FUSE_REGION_LENGTH__)?__FUSE_REGION_LENGTH__:0x400
                0x00000400                __LOCK_REGION_LENGTH__ = DEFINED (__LOCK_REGION_LENGTH__)?__LOCK_REGION_LENGTH__:0x400
                0x00000400                __SIGNATURE_REGION_LENGTH__ = DEFINED (__SIGNATURE_REGION_LENGTH__)?__SIGNATURE_REGION_LENGTH__:0x400
                0x00000400                __USER_SIGNATURE_REGION_LENGTH__ = DEFINED (__USER_SIGNATURE_REGION_LENGTH__)?__USER_SIGNATURE_REGION_LENGTH__:0x400

.hash
 *(.hash)

.dynsym
 *(.dynsym)

.dynstr
 *(.dynstr)

.gnu.version
 *(.gnu.version)

.gnu.version_d
 *(.gnu.version_d)

.gnu.version_r
 *(.gnu.version_r)

.rel.init
 *(.rel.init)

.rela.init
 *(.rela.init)

.rel.text
 *(.rel.text)
 *(.rel.text.*)
 *(.rel.gnu.linkonce.t*)

.rela.text
 *(.rela.text)
 *(.rela.text.*)
 *(.rela.gnu.linkonce.t*)

.rel.fini
 *(.rel.fini)

.rela.fini
 *(.rela.fini)

.rel.rodata
 *(.rel.rodata)
 *(.rel.rodata.*)
 *(.rel.gnu.linkonce.r*)

.rela.rodata
 *(.rela.rodata)
 *(.rela.rodata.*)
 *(.rela.gnu.linkonce.r*)

.rel.data
 *(.rel.data)
 *(.rel.data.*)
 *(.rel.gnu.linkonce.d*)

.rela.data
 *(.rela.data)
 *(.rela.data.*)
 *(.rela.gnu.linkonce.d*)

.rel.ctors
 *(.rel.ctors)

.rela.ctors
 *(.rela.ctors)

.rel.dtors
 *(.rel.dtors)

.rela.dtors
 *(.rela.dtors)

.rel.got
 *(.rel.got)

.rela.got
 *(.rela.got)

.rel.bss
 *(.rel.bss)

.rela.bss
 *(.rela.bss)

.rel.plt
 *(.rel.plt)

.rela.plt
 *(.rela.plt)

.text           0x00000000     0x1046
 *(.vectors)
 .vectors       0x00000000       0x54 C:/Program Files (x86)/Atmel/Studio/7.0/Packs/atmel/ATmega_DFP/1.2.209/gcc/dev/atmega32a/avr5/crtatmega32a.o
                0x00000000                __vector_default
                0x00000000                __vectors
 *(.vectors)
 *(.progmem.gcc*)
                0x00000054                . = ALIGN (0x2)
                0x00000054                __trampolines_start = .
 *(.trampolines)
 .trampolines   0x00000054        0x0 linker stubs
 *(.trampolines*)
                0x00000054                __trampolines_end = .
 *libprintf_flt.a:*(.progmem.data)
 *libc.a:*(.progmem.data)
 *(.progmem*)
                0x00000054                . = ALIGN (0x2)
 *(.jumptables)
 *(.jumptables*)
 *(.lowtext)
 *(.lowtext*)
                0x00000054                __ctors_start = .
 *(.ctors)
                0x00000054                __ctors_end = .
                0x00000054                __dtors_start = .
 *(.dtors)
                0x00000054                __dtors_end = .
 SORT(*)(.ctors)
 SORT(*)(.dtors)
 *(.init0)
 .init0         0x00000054        0x0 C:/Program Files (x86)/Atmel/Studio/7.0/Packs/atmel/ATmega_DFP/1.2.209/gcc/dev/atmega32a/avr5/crtatmega32a.o
                0x00000054                __init
 *(.init0)
 *(.init1)
 *(.init1)
 *(.init2)
 .init2         0x00000054        0xc C:/Program Files (x86)/Atmel/Studio/7.0/Packs/atmel/ATmega_DFP/1.2.209/gcc/dev/atmega32a/avr5/crtatmega32a.o
 *(.init2)
 *(.init3)
 *(.init3)
 *(.init4)
 .init4         0x00000060       0x10 c:/program files (x86)/atmel/studio/7.0/toolchain/avr8/avr8-gnu-toolchain/bin/../lib/gcc/avr/5.4.0/avr5\libgcc.a(_clear_bss.o)
                0x00000060                __do_clear_bss
 *(.init4)
 *(.init5)
 *(.init5)
 *(.init6)
 *(.init6)
 *(.init7)
 *(.init7)
 *(.init8)
 *(.init8)
 *(.init9)
 .init9         0x00000070        0x8 C:/Program Files (x86)/Atmel/Studio/7.0/Packs/atmel/ATmega_DFP/1.2.209/gcc/dev/atmega32a/avr5/crtatmega32a.o
 *(.init9)
 *(.text)
 .text          0x00000078        0x4 C:/Program Files (x86)/Atmel/Studio/7.0/Packs/atmel/ATmega_DFP/1.2.209/gcc/dev/atmega32a/avr5/crtatmega32a.o
                0x00000078                __vector_1
                0x00000078                __vector_12
                0x00000078                __bad_interrupt
                0x00000078                __vector_6
                0x00000078                __vector_3
                0x00000078                __vector_11
                0x00000078                __vector_13
                0x00000078                __vector_17
                0x00000078                __vector_19
                0x00000078                __vector_7
                0x00000078                __vector_5
                0x00000078                __vector_4
                0x00000078                __vector_9
                0x00000078                __vector_2
                0x00000078                __vector_15
                0x00000078                __vector_8
                0x00000078                __vector_14
                0x00000078                __vector_16
                0x00000078                __vector_18
                0x00000078                __vector_20
                0x0000007c                . = ALIGN (0x2)
 *(.text.*)
 .text.get_Button1_Status
                0x0000007c       0x1c Buttons/Buttons.o
                0x0000007c                get_Button1_Status
 .text.DIO_WritePin
                0x00000098      0x1e0 DIO/DIO.o
                0x00000098                DIO_WritePin
 .text.DIO_SetPinDirection
                0x00000278      0x1e0 DIO/DIO.o
                0x00000278                DIO_SetPinDirection
 .text.DIO_ReadPin
                0x00000458      0x13a DIO/DIO.o
                0x00000458                DIO_ReadPin
 .text.DIO_TogglePin
                0x00000592       0x32 DIO/DIO.o
                0x00000592                DIO_TogglePin
 .text.Led_One_Toggle
                0x000005c4       0x16 LEDS/LEDS.o
                0x000005c4                Led_One_Toggle
 .text.Led_Two_Toggle
                0x000005da       0x16 LEDS/LEDS.o
                0x000005da                Led_Two_Toggle
 .text.Led_Three_Toggle
                0x000005f0       0x16 LEDS/LEDS.o
                0x000005f0                Led_Three_Toggle
 .text.Led_Four_Toggle
                0x00000606       0x16 LEDS/LEDS.o
                0x00000606                Led_Four_Toggle
 .text.main     0x0000061c       0xa4 main.o
                0x0000061c                main
 .text.scheduler_Init
                0x000006c0       0xf2 Schedular/Schedular.o
                0x000006c0                scheduler_Init
 .text.scheduler_Start
                0x000007b2       0x24 Schedular/Schedular.o
                0x000007b2                scheduler_Start
 .text.set_flag
                0x000007d6       0x1e Schedular/Schedular.o
 .text.scheduler_Add_Task
                0x000007f4      0x16a Schedular/Schedular.o
                0x000007f4                scheduler_Add_Task
 .text.scheduler_Remove_Task
                0x0000095e       0x7e Schedular/Schedular.o
                0x0000095e                scheduler_Remove_Task
 .text.Swap_Tasks
                0x000009dc      0x34e Schedular/Schedular.o
 .text.dispatcher
                0x00000d2a      0x184 Schedular/Schedular.o
                0x00000d2a                dispatcher
 .text.Task1    0x00000eae       0x14 Task/Task.o
                0x00000eae                Task1
 .text.Task2    0x00000ec2       0x14 Task/Task.o
                0x00000ec2                Task2
 .text.Task3    0x00000ed6       0x14 Task/Task.o
                0x00000ed6                Task3
 .text.Task4    0x00000eea       0x14 Task/Task.o
                0x00000eea                Task4
 .text.Task5    0x00000efe       0x1e Task/Task.o
                0x00000efe                Task5
 .text.timer_init
                0x00000f1c       0x6e Timer/Timer.o
                0x00000f1c                timer_init
 .text.set_Callback_Function
                0x00000f8a       0x26 Timer/Timer.o
                0x00000f8a                set_Callback_Function
 .text.__vector_10
                0x00000fb0       0x92 Timer/Timer.o
                0x00000fb0                __vector_10
                0x00001042                . = ALIGN (0x2)
 *(.fini9)
 .fini9         0x00001042        0x0 c:/program files (x86)/atmel/studio/7.0/toolchain/avr8/avr8-gnu-toolchain/bin/../lib/gcc/avr/5.4.0/avr5\libgcc.a(_exit.o)
                0x00001042                _exit
                0x00001042                exit
 *(.fini9)
 *(.fini8)
 *(.fini8)
 *(.fini7)
 *(.fini7)
 *(.fini6)
 *(.fini6)
 *(.fini5)
 *(.fini5)
 *(.fini4)
 *(.fini4)
 *(.fini3)
 *(.fini3)
 *(.fini2)
 *(.fini2)
 *(.fini1)
 *(.fini1)
 *(.fini0)
 .fini0         0x00001042        0x4 c:/program files (x86)/atmel/studio/7.0/toolchain/avr8/avr8-gnu-toolchain/bin/../lib/gcc/avr/5.4.0/avr5\libgcc.a(_exit.o)
 *(.fini0)
                0x00001046                _etext = .

.data           0x00800060        0x0 load address 0x00001046
                [!provide]                PROVIDE (__data_start, .)
 *(.data)
 *(.data*)
 *(.gnu.linkonce.d*)
 *(.rodata)
 *(.rodata*)
 *(.gnu.linkonce.r*)
                0x00800060                . = ALIGN (0x2)
                0x00800060                _edata = .
                [!provide]                PROVIDE (__data_end, .)

.bss            0x00800060       0x75
                0x00800060                PROVIDE (__bss_start, .)
 *(.bss)
 *(.bss*)
 .bss.flag      0x00800060        0x1 Schedular/Schedular.o
                0x00800060                flag
 .bss.Last      0x00800061        0x1 Schedular/Schedular.o
 .bss.NewTickFlag.1658
                0x00800062        0x1 Schedular/Schedular.o
 .bss.Tick      0x00800063        0x2 Timer/Timer.o
 *(COMMON)
 COMMON         0x00800065       0x6c Schedular/Schedular.o
                0x00800065                Tasks_Arr
 COMMON         0x008000d1        0x4 Timer/Timer.o
                0x008000d1                Pointer_To_Func
                0x008000d3                OS_Tick_in_Timer
                0x008000d5                PROVIDE (__bss_end, .)
                0x00001046                __data_load_start = LOADADDR (.data)
                0x00001046                __data_load_end = (__data_load_start + SIZEOF (.data))

.noinit         0x008000d5        0x0
                [!provide]                PROVIDE (__noinit_start, .)
 *(.noinit*)
                [!provide]                PROVIDE (__noinit_end, .)
                0x008000d5                _end = .
                [!provide]                PROVIDE (__heap_start, .)

.eeprom         0x00810000        0x0
 *(.eeprom*)
                0x00810000                __eeprom_end = .

.fuse
 *(.fuse)
 *(.lfuse)
 *(.hfuse)
 *(.efuse)

.lock
 *(.lock*)

.signature
 *(.signature*)

.user_signatures
 *(.user_signatures*)

.stab
 *(.stab)

.stabstr
 *(.stabstr)

.stab.excl
 *(.stab.excl)

.stab.exclstr
 *(.stab.exclstr)

.stab.index
 *(.stab.index)

.stab.indexstr
 *(.stab.indexstr)

.comment        0x00000000       0x30
 *(.comment)
 .comment       0x00000000       0x30 Buttons/Buttons.o
                                 0x31 (size before relaxing)
 .comment       0x00000030       0x31 DIO/DIO.o
 .comment       0x00000030       0x31 LEDS/LEDS.o
 .comment       0x00000030       0x31 main.o
 .comment       0x00000030       0x31 Schedular/Schedular.o
 .comment       0x00000030       0x31 Task/Task.o
 .comment       0x00000030       0x31 Timer/Timer.o

.note.gnu.avr.deviceinfo
                0x00000000       0x3c
 .note.gnu.avr.deviceinfo
                0x00000000       0x3c C:/Program Files (x86)/Atmel/Studio/7.0/Packs/atmel/ATmega_DFP/1.2.209/gcc/dev/atmega32a/avr5/crtatmega32a.o

.note.gnu.build-id
 *(.note.gnu.build-id)

.debug
 *(.debug)

.line
 *(.line)

.debug_srcinfo
 *(.debug_srcinfo)

.debug_sfnames
 *(.debug_sfnames)

.debug_aranges  0x00000000      0x180
 *(.debug_aranges)
 .debug_aranges
                0x00000000       0x20 Buttons/Buttons.o
 .debug_aranges
                0x00000020       0x48 DIO/DIO.o
 .debug_aranges
                0x00000068       0x38 LEDS/LEDS.o
 .debug_aranges
                0x000000a0       0x20 main.o
 .debug_aranges
                0x000000c0       0x50 Schedular/Schedular.o
 .debug_aranges
                0x00000110       0x40 Task/Task.o
 .debug_aranges
                0x00000150       0x30 Timer/Timer.o

.debug_pubnames
 *(.debug_pubnames)

.debug_info     0x00000000      0xcb6
 *(.debug_info .gnu.linkonce.wi.*)
 .debug_info    0x00000000      0x4e6 C:/Program Files (x86)/Atmel/Studio/7.0/Packs/atmel/ATmega_DFP/1.2.209/gcc/dev/atmega32a/avr5/crtatmega32a.o
 .debug_info    0x000004e6       0x87 Buttons/Buttons.o
 .debug_info    0x0000056d      0x18b DIO/DIO.o
 .debug_info    0x000006f8       0xac LEDS/LEDS.o
 .debug_info    0x000007a4       0x75 main.o
 .debug_info    0x00000819      0x2a5 Schedular/Schedular.o
 .debug_info    0x00000abe       0xbd Task/Task.o
 .debug_info    0x00000b7b      0x13b Timer/Timer.o

.debug_abbrev   0x00000000      0x88d
 *(.debug_abbrev)
 .debug_abbrev  0x00000000      0x4a3 C:/Program Files (x86)/Atmel/Studio/7.0/Packs/atmel/ATmega_DFP/1.2.209/gcc/dev/atmega32a/avr5/crtatmega32a.o
 .debug_abbrev  0x000004a3       0x55 Buttons/Buttons.o
 .debug_abbrev  0x000004f8       0xb8 DIO/DIO.o
 .debug_abbrev  0x000005b0       0x39 LEDS/LEDS.o
 .debug_abbrev  0x000005e9       0x46 main.o
 .debug_abbrev  0x0000062f      0x167 Schedular/Schedular.o
 .debug_abbrev  0x00000796       0x37 Task/Task.o
 .debug_abbrev  0x000007cd       0xc0 Timer/Timer.o

.debug_line     0x00000000      0xa21
 *(.debug_line .debug_line.* .debug_line_end)
 .debug_line    0x00000000      0x115 C:/Program Files (x86)/Atmel/Studio/7.0/Packs/atmel/ATmega_DFP/1.2.209/gcc/dev/atmega32a/avr5/crtatmega32a.o
 .debug_line    0x00000115       0x6a Buttons/Buttons.o
 .debug_line    0x0000017f      0x2eb DIO/DIO.o
 .debug_line    0x0000046a       0x9c LEDS/LEDS.o
 .debug_line    0x00000506       0x8b main.o
 .debug_line    0x00000591      0x2a8 Schedular/Schedular.o
 .debug_line    0x00000839       0xbe Task/Task.o
 .debug_line    0x000008f7      0x12a Timer/Timer.o

.debug_frame    0x00000000      0x43c
 *(.debug_frame)
 .debug_frame   0x00000000       0x34 Buttons/Buttons.o
 .debug_frame   0x00000034       0xd4 DIO/DIO.o
 .debug_frame   0x00000108       0x94 LEDS/LEDS.o
 .debug_frame   0x0000019c       0x38 main.o
 .debug_frame   0x000001d4       0xfc Schedular/Schedular.o
 .debug_frame   0x000002d0       0xb4 Task/Task.o
 .debug_frame   0x00000384       0xb8 Timer/Timer.o

.debug_str      0x00000000      0x59d
 *(.debug_str)
 .debug_str     0x00000000      0x196 C:/Program Files (x86)/Atmel/Studio/7.0/Packs/atmel/ATmega_DFP/1.2.209/gcc/dev/atmega32a/avr5/crtatmega32a.o
 .debug_str     0x00000196      0x144 Buttons/Buttons.o
                                0x16b (size before relaxing)
 .debug_str     0x000002da       0x7e DIO/DIO.o
                                0x1ce (size before relaxing)
 .debug_str     0x00000358       0x4e LEDS/LEDS.o
                                0x17e (size before relaxing)
 .debug_str     0x000003a6       0x11 main.o
                                0x141 (size before relaxing)
 .debug_str     0x000003b7      0x12d Schedular/Schedular.o
                                0x279 (size before relaxing)
 .debug_str     0x000004e4       0x2d Task/Task.o
                                0x15d (size before relaxing)
 .debug_str     0x00000511       0x8c Timer/Timer.o
                                0x1e3 (size before relaxing)

.debug_loc      0x00000000      0x7ca
 *(.debug_loc)
 .debug_loc     0x00000000       0x48 Buttons/Buttons.o
 .debug_loc     0x00000048      0x1b0 DIO/DIO.o
 .debug_loc     0x000001f8       0xec LEDS/LEDS.o
 .debug_loc     0x000002e4       0x48 main.o
 .debug_loc     0x0000032c      0x1f6 Schedular/Schedular.o
 .debug_loc     0x00000522      0x127 Task/Task.o
 .debug_loc     0x00000649      0x181 Timer/Timer.o

.debug_macinfo
 *(.debug_macinfo)

.debug_weaknames
 *(.debug_weaknames)

.debug_funcnames
 *(.debug_funcnames)

.debug_typenames
 *(.debug_typenames)

.debug_varnames
 *(.debug_varnames)

.debug_pubtypes
 *(.debug_pubtypes)

.debug_ranges   0x00000000      0x110
 *(.debug_ranges)
 .debug_ranges  0x00000000       0x10 Buttons/Buttons.o
 .debug_ranges  0x00000010       0x38 DIO/DIO.o
 .debug_ranges  0x00000048       0x28 LEDS/LEDS.o
 .debug_ranges  0x00000070       0x10 main.o
 .debug_ranges  0x00000080       0x40 Schedular/Schedular.o
 .debug_ranges  0x000000c0       0x30 Task/Task.o
 .debug_ranges  0x000000f0       0x20 Timer/Timer.o

.debug_macro
 *(.debug_macro)
OUTPUT(Schedular.elf elf32-avr)
LOAD linker stubs
